2026-04-09 17:52:59,241 - ERROR - [HILO PRINCIPAL] El scraper escanearLifeInformatica reventó y se detuvo: database is locked
2026-04-09 17:53:20,235 - ERROR - [HILO PRINCIPAL] El scraper escanearAlternate reventó y se detuvo: database is locked
2026-04-09 17:53:41,265 - ERROR - [SCRAPER https://www.neobyte.es/procesadores-107] Fallo crítico: Page.wait_for_timeout: Target page, context or browser has been closed
2026-04-10 20:57:17,461 - ERROR - [SCRAPER https://www.pccomponentes.com/fuentes-alimentacion] Fallo crítico: Page.wait_for_timeout: Target page, context or browser has been closed
2026-04-10 20:57:17,463 - ERROR - [SCRAPER https://www.neobyte.es/discos-duros-110] Fallo crítico: Page.wait_for_timeout: Target page, context or browser has been closed
2026-04-10 20:57:17,468 - ERROR - [SCRAPER https://www.alternate.es/SSD] Fallo crítico: Page.wait_for_timeout: Target page, context or browser has been closed
2026-04-10 20:57:17,947 - ERROR - Task exception was never retrieved
future: <Task finished name='Task-137873' coro=<Connection.run.<locals>.init() done, defined at C:\Users\adria\OneDrive\Escritorio\TRABAJOS\CLASE\UltraPresetGaming\UltraPresetGaming\backend\venv\Lib\site-packages\playwright\_impl\_connection.py:309> exception=Exception('Connection.init: Connection closed while reading from the driver')>
Traceback (most recent call last):
  File "C:\Users\adria\OneDrive\Escritorio\TRABAJOS\CLASE\UltraPresetGaming\UltraPresetGaming\backend\venv\Lib\site-packages\playwright\_impl\_connection.py", line 310, in init
    self.playwright_future.set_result(await self._root_object.initialize())
                                      ^^^^^^^^^^^^^^^^^^^^^^^^^^^^^^^^^^^^
  File "C:\Users\adria\OneDrive\Escritorio\TRABAJOS\CLASE\UltraPresetGaming\UltraPresetGaming\backend\venv\Lib\site-packages\playwright\_impl\_connection.py", line 251, in initialize
    await self._channel.send(
  File "C:\Users\adria\OneDrive\Escritorio\TRABAJOS\CLASE\UltraPresetGaming\UltraPresetGaming\backend\venv\Lib\site-packages\playwright\_impl\_connection.py", line 69, in send
    return await self._connection.wrap_api_call(
           ^^^^^^^^^^^^^^^^^^^^^^^^^^^^^^^^^^^^^
  File "C:\Users\adria\OneDrive\Escritorio\TRABAJOS\CLASE\UltraPresetGaming\UltraPresetGaming\backend\venv\Lib\site-packages\playwright\_impl\_connection.py", line 559, in wrap_api_call
    raise rewrite_error(error, f"{parsed_st['apiName']}: {error}") from None
Exception: Connection.init: Connection closed while reading from the driver
2026-04-10 20:57:17,947 - ERROR - Task exception was never retrieved
future: <Task finished name='Task-137870' coro=<Connection.run.<locals>.init() done, defined at C:\Users\adria\OneDrive\Escritorio\TRABAJOS\CLASE\UltraPresetGaming\UltraPresetGaming\backend\venv\Lib\site-packages\playwright\_impl\_connection.py:309> exception=Exception('Connection.init: Connection closed while reading from the driver')>
Traceback (most recent call last):
  File "C:\Users\adria\OneDrive\Escritorio\TRABAJOS\CLASE\UltraPresetGaming\UltraPresetGaming\backend\venv\Lib\site-packages\playwright\_impl\_connection.py", line 310, in init
    self.playwright_future.set_result(await self._root_object.initialize())
                                      ^^^^^^^^^^^^^^^^^^^^^^^^^^^^^^^^^^^^
  File "C:\Users\adria\OneDrive\Escritorio\TRABAJOS\CLASE\UltraPresetGaming\UltraPresetGaming\backend\venv\Lib\site-packages\playwright\_impl\_connection.py", line 251, in initialize
    await self._channel.send(
  File "C:\Users\adria\OneDrive\Escritorio\TRABAJOS\CLASE\UltraPresetGaming\UltraPresetGaming\backend\venv\Lib\site-packages\playwright\_impl\_connection.py", line 69, in send
    return await self._connection.wrap_api_call(
           ^^^^^^^^^^^^^^^^^^^^^^^^^^^^^^^^^^^^^
  File "C:\Users\adria\OneDrive\Escritorio\TRABAJOS\CLASE\UltraPresetGaming\UltraPresetGaming\backend\venv\Lib\site-packages\playwright\_impl\_connection.py", line 559, in wrap_api_call
    raise rewrite_error(error, f"{parsed_st['apiName']}: {error}") from None
Exception: Connection.init: Connection closed while reading from the driver
2026-04-11 15:21:03,592 - ERROR - [SCRAPER https://www.alternate.es/Placas-base] Fallo crítico: Mouse.wheel: Target page, context or browser has been closed
2026-04-11 15:21:03,593 - ERROR - [SCRAPER https://www.neobyte.es/placas-base-106] Fallo crítico: Page.wait_for_timeout: Target page, context or browser has been closed
2026-04-11 15:21:03,597 - ERROR - [SCRAPER https://lifeinformatica.com/categoria-producto/componentes/placas-base/] Fallo crítico: Page.wait_for_timeout: Target page, context or browser has been closed
2026-04-11 15:21:05,478 - ERROR - Task exception was never retrieved
future: <Task finished name='Task-11431' coro=<Connection.run.<locals>.init() done, defined at C:\Users\adria\OneDrive\Escritorio\TRABAJOS\CLASE\UltraPresetGaming\UltraPresetGaming\backend\venv\Lib\site-packages\playwright\_impl\_connection.py:309> exception=Exception('Connection.init: Connection closed while reading from the driver')>
Traceback (most recent call last):
  File "C:\Users\adria\OneDrive\Escritorio\TRABAJOS\CLASE\UltraPresetGaming\UltraPresetGaming\backend\venv\Lib\site-packages\playwright\_impl\_connection.py", line 310, in init
    self.playwright_future.set_result(await self._root_object.initialize())
                                      ^^^^^^^^^^^^^^^^^^^^^^^^^^^^^^^^^^^^
  File "C:\Users\adria\OneDrive\Escritorio\TRABAJOS\CLASE\UltraPresetGaming\UltraPresetGaming\backend\venv\Lib\site-packages\playwright\_impl\_connection.py", line 251, in initialize
    await self._channel.send(
  File "C:\Users\adria\OneDrive\Escritorio\TRABAJOS\CLASE\UltraPresetGaming\UltraPresetGaming\backend\venv\Lib\site-packages\playwright\_impl\_connection.py", line 69, in send
    return await self._connection.wrap_api_call(
           ^^^^^^^^^^^^^^^^^^^^^^^^^^^^^^^^^^^^^
  File "C:\Users\adria\OneDrive\Escritorio\TRABAJOS\CLASE\UltraPresetGaming\UltraPresetGaming\backend\venv\Lib\site-packages\playwright\_impl\_connection.py", line 559, in wrap_api_call
    raise rewrite_error(error, f"{parsed_st['apiName']}: {error}") from None
Exception: Connection.init: Connection closed while reading from the driver
2026-04-11 15:21:05,479 - ERROR - Task exception was never retrieved
future: <Task finished name='Task-11362' coro=<Connection.run.<locals>.init() done, defined at C:\Users\adria\OneDrive\Escritorio\TRABAJOS\CLASE\UltraPresetGaming\UltraPresetGaming\backend\venv\Lib\site-packages\playwright\_impl\_connection.py:309> exception=Exception('Connection.init: Connection closed while reading from the driver')>
Traceback (most recent call last):
  File "C:\Users\adria\OneDrive\Escritorio\TRABAJOS\CLASE\UltraPresetGaming\UltraPresetGaming\backend\venv\Lib\site-packages\playwright\_impl\_connection.py", line 310, in init
    self.playwright_future.set_result(await self._root_object.initialize())
                                      ^^^^^^^^^^^^^^^^^^^^^^^^^^^^^^^^^^^^
  File "C:\Users\adria\OneDrive\Escritorio\TRABAJOS\CLASE\UltraPresetGaming\UltraPresetGaming\backend\venv\Lib\site-packages\playwright\_impl\_connection.py", line 251, in initialize
    await self._channel.send(
  File "C:\Users\adria\OneDrive\Escritorio\TRABAJOS\CLASE\UltraPresetGaming\UltraPresetGaming\backend\venv\Lib\site-packages\playwright\_impl\_connection.py", line 69, in send
    return await self._connection.wrap_api_call(
           ^^^^^^^^^^^^^^^^^^^^^^^^^^^^^^^^^^^^^
  File "C:\Users\adria\OneDrive\Escritorio\TRABAJOS\CLASE\UltraPresetGaming\UltraPresetGaming\backend\venv\Lib\site-packages\playwright\_impl\_connection.py", line 559, in wrap_api_call
    raise rewrite_error(error, f"{parsed_st['apiName']}: {error}") from None
Exception: Connection.init: Connection closed while reading from the driver
2026-04-11 15:21:05,479 - ERROR - Task exception was never retrieved
future: <Task finished name='Task-11301' coro=<Connection.run.<locals>.init() done, defined at C:\Users\adria\OneDrive\Escritorio\TRABAJOS\CLASE\UltraPresetGaming\UltraPresetGaming\backend\venv\Lib\site-packages\playwright\_impl\_connection.py:309> exception=Exception('Connection.init: Connection closed while reading from the driver')>
Traceback (most recent call last):
  File "C:\Users\adria\OneDrive\Escritorio\TRABAJOS\CLASE\UltraPresetGaming\UltraPresetGaming\backend\venv\Lib\site-packages\playwright\_impl\_connection.py", line 310, in init
    self.playwright_future.set_result(await self._root_object.initialize())
                                      ^^^^^^^^^^^^^^^^^^^^^^^^^^^^^^^^^^^^
  File "C:\Users\adria\OneDrive\Escritorio\TRABAJOS\CLASE\UltraPresetGaming\UltraPresetGaming\backend\venv\Lib\site-packages\playwright\_impl\_connection.py", line 251, in initialize
    await self._channel.send(
  File "C:\Users\adria\OneDrive\Escritorio\TRABAJOS\CLASE\UltraPresetGaming\UltraPresetGaming\backend\venv\Lib\site-packages\playwright\_impl\_connection.py", line 69, in send
    return await self._connection.wrap_api_call(
           ^^^^^^^^^^^^^^^^^^^^^^^^^^^^^^^^^^^^^
  File "C:\Users\adria\OneDrive\Escritorio\TRABAJOS\CLASE\UltraPresetGaming\UltraPresetGaming\backend\venv\Lib\site-packages\playwright\_impl\_connection.py", line 559, in wrap_api_call
    raise rewrite_error(error, f"{parsed_st['apiName']}: {error}") from None
Exception: Connection.init: Connection closed while reading from the driver
2026-04-11 15:21:05,480 - ERROR - Task exception was never retrieved
future: <Task finished name='Task-10979' coro=<Connection.run.<locals>.init() done, defined at C:\Users\adria\OneDrive\Escritorio\TRABAJOS\CLASE\UltraPresetGaming\UltraPresetGaming\backend\venv\Lib\site-packages\playwright\_impl\_connection.py:309> exception=Exception('Connection.init: Connection closed while reading from the driver')>
Traceback (most recent call last):
  File "C:\Users\adria\OneDrive\Escritorio\TRABAJOS\CLASE\UltraPresetGaming\UltraPresetGaming\backend\venv\Lib\site-packages\playwright\_impl\_connection.py", line 310, in init
    self.playwright_future.set_result(await self._root_object.initialize())
                                      ^^^^^^^^^^^^^^^^^^^^^^^^^^^^^^^^^^^^
  File "C:\Users\adria\OneDrive\Escritorio\TRABAJOS\CLASE\UltraPresetGaming\UltraPresetGaming\backend\venv\Lib\site-packages\playwright\_impl\_connection.py", line 251, in initialize
    await self._channel.send(
  File "C:\Users\adria\OneDrive\Escritorio\TRABAJOS\CLASE\UltraPresetGaming\UltraPresetGaming\backend\venv\Lib\site-packages\playwright\_impl\_connection.py", line 69, in send
    return await self._connection.wrap_api_call(
           ^^^^^^^^^^^^^^^^^^^^^^^^^^^^^^^^^^^^^
  File "C:\Users\adria\OneDrive\Escritorio\TRABAJOS\CLASE\UltraPresetGaming\UltraPresetGaming\backend\venv\Lib\site-packages\playwright\_impl\_connection.py", line 559, in wrap_api_call
    raise rewrite_error(error, f"{parsed_st['apiName']}: {error}") from None
Exception: Connection.init: Connection closed while reading from the driver
2026-04-11 15:21:05,480 - ERROR - Task exception was never retrieved
future: <Task finished name='Task-11458' coro=<Connection.run.<locals>.init() done, defined at C:\Users\adria\OneDrive\Escritorio\TRABAJOS\CLASE\UltraPresetGaming\UltraPresetGaming\backend\venv\Lib\site-packages\playwright\_impl\_connection.py:309> exception=Exception('Connection.init: Connection closed while reading from the driver')>
Traceback (most recent call last):
  File "C:\Users\adria\OneDrive\Escritorio\TRABAJOS\CLASE\UltraPresetGaming\UltraPresetGaming\backend\venv\Lib\site-packages\playwright\_impl\_connection.py", line 310, in init
    self.playwright_future.set_result(await self._root_object.initialize())
                                      ^^^^^^^^^^^^^^^^^^^^^^^^^^^^^^^^^^^^
  File "C:\Users\adria\OneDrive\Escritorio\TRABAJOS\CLASE\UltraPresetGaming\UltraPresetGaming\backend\venv\Lib\site-packages\playwright\_impl\_connection.py", line 251, in initialize
    await self._channel.send(
  File "C:\Users\adria\OneDrive\Escritorio\TRABAJOS\CLASE\UltraPresetGaming\UltraPresetGaming\backend\venv\Lib\site-packages\playwright\_impl\_connection.py", line 69, in send
    return await self._connection.wrap_api_call(
           ^^^^^^^^^^^^^^^^^^^^^^^^^^^^^^^^^^^^^
  File "C:\Users\adria\OneDrive\Escritorio\TRABAJOS\CLASE\UltraPresetGaming\UltraPresetGaming\backend\venv\Lib\site-packages\playwright\_impl\_connection.py", line 559, in wrap_api_call
    raise rewrite_error(error, f"{parsed_st['apiName']}: {error}") from None
Exception: Connection.init: Connection closed while reading from the driver
2026-04-11 16:52:26,465 - ERROR - [SCRAPER https://www.alternate.es/Procesadores] Fallo crítico: Page.wait_for_timeout: Target page, context or browser has been closed
2026-04-11 16:59:04,968 - ERROR - [SCRAPER https://www.alternate.es/Procesadores] Fallo crítico: Mouse.wheel: Target page, context or browser has been closed
Browser logs:

<launching> C:\Users\adria\AppData\Local\ms-playwright\chromium_headless_shell-1208\chrome-headless-shell-win64\chrome-headless-shell.exe --disable-field-trial-config --disable-background-networking --disable-background-timer-throttling --disable-backgrounding-occluded-windows --disable-back-forward-cache --disable-breakpad --disable-client-side-phishing-detection --disable-component-extensions-with-background-pages --disable-component-update --no-default-browser-check --disable-default-apps --disable-dev-shm-usage --disable-extensions --disable-features=AvoidUnnecessaryBeforeUnloadCheckSync,BoundaryEventDispatchTracksNodeRemoval,DestroyProfileOnBrowserClose,DialMediaRouteProvider,GlobalMediaControls,HttpsUpgrades,LensOverlay,MediaRouter,PaintHolding,ThirdPartyStoragePartitioning,Translate,AutoDeElevate,RenderDocument,OptimizationHints --enable-features=CDPScreenshotNewSurface --allow-pre-commit-input --disable-hang-monitor --disable-ipc-flooding-protection --disable-popup-blocking --disable-prompt-on-repost --disable-renderer-backgrounding --force-color-profile=srgb --metrics-recording-only --no-first-run --password-store=basic --use-mock-keychain --no-service-autorun --export-tagged-pdf --disable-search-engine-choice-screen --unsafely-disable-devtools-self-xss-warnings --edge-skip-compat-layer-relaunch --enable-automation --disable-infobars --disable-search-engine-choice-screen --disable-sync --enable-unsafe-swiftshader --headless --hide-scrollbars --mute-audio --blink-settings=primaryHoverType=2,availableHoverTypes=2,primaryPointerType=4,availablePointerTypes=4 --no-sandbox --start-maximized --disable-blink-features=AutomationControlled --no-sandbox --disable-dev-shm-usage --disable-gpu --user-data-dir=C:\Users\adria\AppData\Local\Temp\playwright_chromiumdev_profile-Qziod1 --remote-debugging-pipe --no-startup-window
<launched> pid=3648
2026-04-11 19:55:20,046 - ERROR - [SCRAPER https://www.neobyte.es/cajas-de-ordenador-112] Fallo crítico: Page.wait_for_timeout: Target page, context or browser has been closed
